// Jest Snapshot v1, https://goo.gl/fbAQLP

exports[`renders the home component correctly 1`] = `
<div>
  <div>
    <div>
      <img
        alt=""
        class="ImageSlider"
        src="scone.PNG"
      />
       
      <br />
      <div
        class="directionalButtons"
      >
        <button
          class="previousButton"
        >
          Previous
        </button>
        <button
          class="forwardButton"
        >
          Next
        </button>
      </div>
    </div>
  </div>
  <div>
    <h1
      class="headerStyling"
    >
      2021 Leaders
    </h1>
  </div>
  <div
    class="leadersContainer"
  >
    <div
      class="playerOneContainer"
    >
      <img
        alt="Sport Player First"
        src="player_one.png"
      />
      <div
        class="awardOneContainer"
      >
        <strong
          class="awardOne"
        >
          Orange Cap
        </strong>
      </div>
      <div
        class="playerOneInfo"
      >
        <div>
          Nitish
        </div>
        <div>
          <strong
            class="stylingName"
          >
            Rana
          </strong>
        </div>
        <div>
          <strong
            class="stylingDigit"
          >
            137
          </strong>
        </div>
        <div>
          <small
            class="stylingText"
          >
            Runs
          </small>
        </div>
      </div>
    </div>
    <div
      class="playerTwoContainer"
    >
      <img
        alt="Sport Player Second"
        src="player_two.png"
      />
      <div
        class="awardTwoContainer"
      >
        <strong
          class="awardTwo"
        >
          Purple Cap
        </strong>
      </div>
      <div
        class="playerOneInfo"
      >
        <div>
          Sanju
        </div>
        <div>
          <strong
            class="stylingName"
          >
            Samson
          </strong>
        </div>
        <div>
          <strong
            class="stylingDigit"
          >
            6
          </strong>
        </div>
        <div>
          <small
            class="stylingText"
          >
            Wickets
          </small>
        </div>
      </div>
    </div>
    <div
      class="playerThreeContainer"
    >
      <img
        alt="Sport Player Third"
        src="player_three.png"
      />
      <div
        class="awardThreeContainer"
      >
        <strong
          class="awardThree"
        >
          Highest Score
        </strong>
      </div>
      <div
        class="playerOneInfo"
      >
        <div>
          Andre
        </div>
        <div>
          <strong
            class="stylingName"
          >
            Russell
          </strong>
        </div>
        <div>
          <strong
            class="stylingDigit"
          >
            119
          </strong>
        </div>
        <div>
          <small
            class="stylingText"
          >
            Score
          </small>
        </div>
      </div>
    </div>
    <div
      class="playerOneContainer"
    >
      <img
        alt="Sport Player Fourth"
        src="player_one.png"
      />
      <div
        class="awardFourContainer"
      >
        <strong
          class="awardFour"
        >
          Best Bowling Figures
        </strong>
      </div>
      <div
        class="playerOneInfo"
      >
        <div>
          Nitish
        </div>
        <div>
          <strong
            class="stylingName"
          >
            Rana
          </strong>
        </div>
        <div>
          <strong
            class="stylingDigit"
          >
            61
          </strong>
        </div>
        <div>
          <small
            class="stylingText"
          >
            Score
          </small>
        </div>
      </div>
    </div>
    <div
      class="playerTwoContainer"
    >
      <img
        alt="Sport Player Fifth"
        src="player_two.png"
      />
      <div
        class="awardFiveContainer"
      >
        <strong
          class="awardFive"
        >
          Most Valuable Player
        </strong>
      </div>
      <div
        class="playerOneInfo"
      >
        <div>
          Sanju
        </div>
        <div>
          <strong
            class="stylingName"
          >
            Samson
          </strong>
        </div>
        <div>
          <strong
            class="stylingDigit"
          >
            7
          </strong>
        </div>
        <div>
          <small
            class="stylingText"
          >
            Sixes
          </small>
        </div>
      </div>
    </div>
    <div
      class="playerThreeContainer"
    >
      <img
        alt="Sport Player Sixth"
        src="player_three.png"
      />
      <div
        class="awardSixContainer"
      >
        <strong
          class="awardSix"
        >
          All Rounder
        </strong>
      </div>
      <div
        class="playerOneInfo"
      >
        <div>
          Andre
        </div>
        <div>
          <strong
            class="stylingName"
          >
            Russell
          </strong>
        </div>
        <div>
          <strong
            class="stylingDigit"
          >
            5/15
          </strong>
        </div>
        <div>
          <small
            class="stylingText"
          >
            Wickets
          </small>
        </div>
      </div>
    </div>
  </div>
  <div>
    <h1
      class="pointTableHeaderStyling"
    >
      Point Table
    </h1>
  </div>
  <div
    class="tableContainer"
  >
    <table
      class="scheduleTable"
    >
      <thead>
        <tr
          class="tableFirstRow"
        >
          <th />
          <th>
            Team
          </th>
          <th>
            Pld
          </th>
          <th>
            Won
          </th>
          <th>
            Lost
          </th>
          <th>
            Tied
          </th>
          <th>
            N/R
          </th>
          <th>
            Net RR
          </th>
          <th>
            For
          </th>
          <th>
            Against
          </th>
          <th>
            Pts
          </th>
        </tr>
      </thead>
      <tbody>
        <tr>
          <td>
            1
          </td>
          <td
            class="shadowTable"
          >
            Delhi Capitals
          </td>
          <td>
            1
          </td>
          <td>
            1
          </td>
          <td>
            0
          </td>
          <td>
            0
          </td>
          <td>
            0
          </td>
          <td>
            +0.779
          </td>
          <td>
            190/18.4
          </td>
          <td>
            188/20
          </td>
          <td>
            2
          </td>
        </tr>
        <tr>
          <td>
            2
          </td>
          <td
            class="shadowTable"
          >
            Kolkata Knight Riders
          </td>
          <td>
            1
          </td>
          <td>
            1
          </td>
          <td>
            0
          </td>
          <td>
            0
          </td>
          <td>
            0
          </td>
          <td>
            +0.500
          </td>
          <td>
            187/20
          </td>
          <td>
            177/20
          </td>
          <td>
            2
          </td>
        </tr>
        <tr>
          <td>
            3
          </td>
          <td
            class="shadowTable"
          >
            Punjab Kings
          </td>
          <td>
            1
          </td>
          <td>
            1
          </td>
          <td>
            0
          </td>
          <td>
            0
          </td>
          <td>
            0
          </td>
          <td>
            +0.200
          </td>
          <td>
            221/20
          </td>
          <td>
            217/20
          </td>
          <td>
            2
          </td>
        </tr>
        <tr>
          <td>
            4
          </td>
          <td
            class="shadowTable"
          >
            Royal Challengers Bangalore
          </td>
          <td>
            1
          </td>
          <td>
            1
          </td>
          <td>
            0
          </td>
          <td>
            0
          </td>
          <td>
            0
          </td>
          <td>
            +0.050
          </td>
          <td>
            160/20
          </td>
          <td>
            159/20
          </td>
          <td>
            2
          </td>
        </tr>
        <tr>
          <td>
            5
          </td>
          <td
            class="shadowTable"
          >
            Mumbai Indians
          </td>
          <td>
            1
          </td>
          <td>
            0
          </td>
          <td>
            1
          </td>
          <td>
            0
          </td>
          <td>
            0
          </td>
          <td>
            -0.050
          </td>
          <td>
            159/20
          </td>
          <td>
            160/20
          </td>
          <td>
            0
          </td>
        </tr>
        <tr>
          <td>
            6
          </td>
          <td
            class="shadowTable"
          >
            Rajasthan Royals
          </td>
          <td>
            1
          </td>
          <td>
            0
          </td>
          <td>
            1
          </td>
          <td>
            0
          </td>
          <td>
            0
          </td>
          <td>
            -0.200
          </td>
          <td>
            217/20
          </td>
          <td>
            221/20
          </td>
          <td>
            0
          </td>
        </tr>
        <tr>
          <td>
            7
          </td>
          <td
            class="shadowTable"
          >
            Sunrisers Hyderabad
          </td>
          <td>
            1
          </td>
          <td>
            0
          </td>
          <td>
            1
          </td>
          <td>
            0
          </td>
          <td>
            0
          </td>
          <td>
            -0.500
          </td>
          <td>
            177/20
          </td>
          <td>
            187/20
          </td>
          <td>
            0
          </td>
        </tr>
        <tr>
          <td>
            8
          </td>
          <td
            class="shadowTable"
          >
            Chennai Super Kings
          </td>
          <td>
            1
          </td>
          <td>
            0
          </td>
          <td>
            1
          </td>
          <td>
            0
          </td>
          <td>
            0
          </td>
          <td>
            -0.779
          </td>
          <td>
            188/20
          </td>
          <td>
            190/18.4
          </td>
          <td>
            0
          </td>
        </tr>
      </tbody>
    </table>
  </div>
</div>
`;
